// Jest Snapshot v1, https://goo.gl/fbAQLP

exports[`ForecastSummary renders correctly 1`] = `
<DocumentFragment>
  <div
    class="forecast-summary-card"
  >
    <span
      class="date"
      data-testid="date-id"
    >
      Mon 30th Apr
    </span>
    <span
      class="temperature"
      data-testid="temperature-id"
    >
      10Â°c
    </span>
    <span
      class="description"
      data-testid="description-id"
    >
      Hazy
    </span>
    <span
      class="icon"
      data-testid="icon-id"
    >
      <i
        class="wi wi-day-thunderstorm"
        data-testid="weather-icon-id"
        name="owm"
      />
    </span>
    <button>
      More Details
    </button>
  </div>
</DocumentFragment>
`;
