// Jest Snapshot v1, https://goo.gl/fbAQLP

exports[`icon renders correctly 1`] = `
<DocumentFragment>
  <div>
    <i
      class="wi wi-day-storm-showers"
      name="owm"
    />
  </div>
</DocumentFragment>
`;
