// Jest Snapshot v1, https://goo.gl/fbAQLP

exports[`renders correctly 1`] = `
<DocumentFragment>
  <h1
    class="location-details"
  >
    Manchester, UK
  </h1>
</DocumentFragment>
`;
